Test log entry with user@test.com and 192.168.1.100
